// Jest Snapshot v1, https://goo.gl/fbAQLP

exports[`Auth E2E GET-REQUESTS of AuthController (e2e) auth/whoAmI Returns user associated with the provided auth token 1`] = `
{
  "courses": [],
  "displayName": "System Admin",
  "email": "system.admin@test.com",
  "id": "d4b50fe8-f949-4317-bdde-d9ae61f53b96",
  "matrNr": 444444,
  "role": "SYSTEM_ADMIN",
  "username": "sAdmin",
}
`;
