// Jest Snapshot v1, https://goo.gl/fbAQLP

exports[`Recommender Export getRecommenderExportData Creates RecommenderExport 1`] = `
{
  "assignments": [
    {
      "bonusPoints": undefined,
      "collaboration": "GROUP_OR_SINGLE",
      "comment": undefined,
      "configs": undefined,
      "endDate": undefined,
      "id": "8ffc9608-4c3d-4fca-b4fc-3768822d6c0d",
      "links": undefined,
      "name": "Test_Assignment 05 (Java) Invisible",
      "points": 100,
      "startDate": undefined,
      "state": "INVISIBLE",
      "type": "HOMEWORK",
    },
    {
      "bonusPoints": undefined,
      "collaboration": "SINGLE",
      "comment": undefined,
      "configs": undefined,
      "endDate": undefined,
      "id": "5b69db81-edbd-4f73-8928-1450036a75cb",
      "links": undefined,
      "name": "Test_Assignment 06 (Java) Testat In Progress",
      "points": 100,
      "startDate": 2020-08-01T22:00:00.000Z,
      "state": "IN_PROGRESS",
      "type": "TESTAT",
    },
    {
      "bonusPoints": undefined,
      "collaboration": "GROUP",
      "comment": "Lorem ipsum dolor sit amet consectetur adipisicing elit. Ratione ab, quaerat minus corrupti quia nostrum facere quibusdam, repellendus, reprehenderit officiis rerum nemo modi perspiciatis ex obcaecati consectetur nisi voluptatum veritatis.",
      "configs": [
        {
          "config": "{hello: 'world'}",
          "tool": "tool-1",
        },
        {
          "config": "{lorem: 'ipsum'}",
          "tool": "tool-2",
        },
      ],
      "endDate": undefined,
      "id": "b2f6c008-b9f7-477f-9e8b-ff34ce339077",
      "links": [
        {
          "name": "Example URL",
          "url": "https://example-url.com",
        },
      ],
      "name": "Test_Assignment 01 (Java)",
      "points": 100,
      "startDate": 2020-09-02T22:00:00.000Z,
      "state": "IN_PROGRESS",
      "type": "HOMEWORK",
    },
    {
      "bonusPoints": undefined,
      "collaboration": "GROUP",
      "comment": undefined,
      "configs": undefined,
      "endDate": 2020-08-21T22:00:00.000Z,
      "id": "f50b8474-1fb9-4d69-85a2-76648d0fd3f9",
      "links": undefined,
      "name": "Test_Assignment 08 (Java) - GROUP - IN_REVIEW",
      "points": 100,
      "startDate": 2020-08-20T22:00:00.000Z,
      "state": "IN_REVIEW",
      "type": "HOMEWORK",
    },
    {
      "bonusPoints": undefined,
      "collaboration": "SINGLE",
      "comment": undefined,
      "configs": undefined,
      "endDate": 2020-06-17T22:00:00.000Z,
      "id": "993b3cd0-6207-11ea-bc55-0242ac130003",
      "links": undefined,
      "name": "Test_Assignment 03 (Java) - SINGLE - IN_REVIEW",
      "points": 100,
      "startDate": 2020-06-10T22:00:00.000Z,
      "state": "IN_REVIEW",
      "type": "HOMEWORK",
    },
    {
      "bonusPoints": undefined,
      "collaboration": "GROUP_OR_SINGLE",
      "comment": undefined,
      "configs": undefined,
      "endDate": 2020-05-10T22:00:00.000Z,
      "id": "c2bc4aa4-6207-11ea-bc55-0242ac130003",
      "links": undefined,
      "name": "Test_Assignment 04 (Java)",
      "points": 100,
      "startDate": 2020-05-03T22:00:00.000Z,
      "state": "EVALUATED",
      "type": "HOMEWORK",
    },
    {
      "bonusPoints": undefined,
      "collaboration": "SINGLE",
      "comment": undefined,
      "configs": undefined,
      "endDate": 2020-04-26T22:00:00.000Z,
      "id": "75b799a1-a406-419b-a448-909aa3d34afa",
      "links": undefined,
      "name": "Test_Assignment 07 (Java) Testat Evaluated",
      "points": 100,
      "startDate": 2020-04-19T22:00:00.000Z,
      "state": "EVALUATED",
      "type": "TESTAT",
    },
    {
      "bonusPoints": undefined,
      "collaboration": "GROUP",
      "comment": undefined,
      "configs": undefined,
      "endDate": 2020-02-15T23:00:00.000Z,
      "id": "74aa124c-0753-467f-8f52-48d1901282f8",
      "links": undefined,
      "name": "Test_Assignment 02 (Java)",
      "points": 100,
      "startDate": 2020-02-08T23:00:00.000Z,
      "state": "CLOSED",
      "type": "HOMEWORK",
    },
  ],
  "course": {
    "admissionCriteria": {
      "rules": [
        {
          "achievedPercentRounding": {
            "type": "UP_NEAREST_INTEGER",
          },
          "assignmentType": "HOMEWORK",
          "requiredPercent": 50,
          "type": "REQUIRED_PERCENT_OVERALL",
        },
        {
          "achievedPercentRounding": {
            "decimals": 0,
            "type": "DECIMALS",
          },
          "assignmentType": "TESTAT",
          "requiredPercent": 50,
          "type": "REQUIRED_PERCENT_OVERALL",
        },
        {
          "achievedPercentRounding": {
            "type": "NONE",
          },
          "allowedFailures": 2,
          "assignmentType": "HOMEWORK",
          "requiredPercent": 50,
          "type": "INDIVIDUAL_PERCENT_WITH_ALLOWED_FAILURES",
        },
      ],
    },
    "groupSettings": {
      "allowGroups": true,
      "autoJoinGroupOnCourseJoined": true,
      "mergeGroupsOnAssignmentStarted": true,
      "nameSchema": undefined,
      "selfmanaged": true,
      "sizeMax": 3,
      "sizeMin": 2,
    },
    "id": "java-wise1920",
    "isClosed": false,
    "links": [
      {
        "name": "Example URL",
        "url": "http://example-url.com",
      },
    ],
    "semester": "wise1920",
    "shortname": "java",
    "title": "Programmierpraktikum I: Java",
  },
  "groups": [
    {
      "hasPassword": true,
      "id": "b4f24e81-dfa4-4641-af80-8e34e02d9c4a",
      "isClosed": false,
      "members": [
        {
          "displayName": "Max Mustermann",
          "email": "max.mustermann@test.com",
          "group": undefined,
          "groupId": undefined,
          "matrNr": 123456,
          "role": "STUDENT",
          "userId": "a019ea22-5194-4b83-8d31-0de0dc9bca53",
          "username": "mmustermann",
        },
        {
          "displayName": "Hans Peter",
          "email": "hans.peter@test.com",
          "group": undefined,
          "groupId": undefined,
          "matrNr": 111111,
          "role": "STUDENT",
          "userId": "40f59aad-7473-4455-a3ea-1214f19b2565",
          "username": "hpeter",
        },
      ],
      "name": "Testgroup 1",
      "password": undefined,
      "size": 2,
    },
    {
      "hasPassword": true,
      "id": "73b2afad-7198-4f99-86dc-a2c46c03db2c",
      "isClosed": true,
      "members": [],
      "name": "Testgroup 2",
      "password": undefined,
      "size": 0,
    },
    {
      "hasPassword": true,
      "id": "01144a38-bf03-4ef7-9c87-db6aa81ea7e0",
      "isClosed": false,
      "members": [
        {
          "displayName": "elshar",
          "email": "elshar@test.com",
          "group": undefined,
          "groupId": undefined,
          "matrNr": 777777,
          "role": "STUDENT",
          "userId": "3e52e822-4ebc-49c3-94e2-06ba447b5d1f",
          "username": "elshar",
        },
        {
          "displayName": "kunold",
          "email": "kunold@test.com",
          "group": undefined,
          "groupId": undefined,
          "matrNr": 888888,
          "role": "STUDENT",
          "userId": "24b4ec8c-dd8a-4bd6-843c-2c412fb1d5b7",
          "username": "kunold",
        },
      ],
      "name": "Testgroup 3",
      "password": undefined,
      "size": 2,
    },
  ],
  "groupsForAssignment": [
    {
      "assignmentId": "8ffc9608-4c3d-4fca-b4fc-3768822d6c0d",
      "groups": [],
    },
    {
      "assignmentId": "5b69db81-edbd-4f73-8928-1450036a75cb",
      "groups": [],
    },
    {
      "assignmentId": "b2f6c008-b9f7-477f-9e8b-ff34ce339077",
      "groups": [
        {
          "hasPassword": true,
          "id": "b4f24e81-dfa4-4641-af80-8e34e02d9c4a",
          "isClosed": false,
          "members": [
            {
              "displayName": "Hans Peter",
              "email": "hans.peter@test.com",
              "group": undefined,
              "groupId": undefined,
              "matrNr": 111111,
              "role": "STUDENT",
              "userId": "40f59aad-7473-4455-a3ea-1214f19b2565",
              "username": "hpeter",
            },
            {
              "displayName": "Max Mustermann",
              "email": "max.mustermann@test.com",
              "group": undefined,
              "groupId": undefined,
              "matrNr": 123456,
              "role": "STUDENT",
              "userId": "a019ea22-5194-4b83-8d31-0de0dc9bca53",
              "username": "mmustermann",
            },
          ],
          "name": "Testgroup 1",
          "password": undefined,
          "size": 2,
        },
        {
          "hasPassword": true,
          "id": "73b2afad-7198-4f99-86dc-a2c46c03db2c",
          "isClosed": true,
          "members": [],
          "name": "Testgroup 2",
          "password": undefined,
          "size": 0,
        },
        {
          "hasPassword": true,
          "id": "01144a38-bf03-4ef7-9c87-db6aa81ea7e0",
          "isClosed": false,
          "members": [
            {
              "displayName": "kunold",
              "email": "kunold@test.com",
              "group": undefined,
              "groupId": undefined,
              "matrNr": 888888,
              "role": "STUDENT",
              "userId": "24b4ec8c-dd8a-4bd6-843c-2c412fb1d5b7",
              "username": "kunold",
            },
            {
              "displayName": "elshar",
              "email": "elshar@test.com",
              "group": undefined,
              "groupId": undefined,
              "matrNr": 777777,
              "role": "STUDENT",
              "userId": "3e52e822-4ebc-49c3-94e2-06ba447b5d1f",
              "username": "elshar",
            },
          ],
          "name": "Testgroup 3",
          "password": undefined,
          "size": 2,
        },
      ],
    },
    {
      "assignmentId": "f50b8474-1fb9-4d69-85a2-76648d0fd3f9",
      "groups": [
        {
          "hasPassword": true,
          "id": "b4f24e81-dfa4-4641-af80-8e34e02d9c4a",
          "isClosed": false,
          "members": [
            {
              "displayName": "Hans Peter",
              "email": "hans.peter@test.com",
              "group": undefined,
              "groupId": undefined,
              "matrNr": 111111,
              "role": "STUDENT",
              "userId": "40f59aad-7473-4455-a3ea-1214f19b2565",
              "username": "hpeter",
            },
            {
              "displayName": "Max Mustermann",
              "email": "max.mustermann@test.com",
              "group": undefined,
              "groupId": undefined,
              "matrNr": 123456,
              "role": "STUDENT",
              "userId": "a019ea22-5194-4b83-8d31-0de0dc9bca53",
              "username": "mmustermann",
            },
          ],
          "name": "Testgroup 1",
          "password": undefined,
          "size": 2,
        },
        {
          "hasPassword": true,
          "id": "73b2afad-7198-4f99-86dc-a2c46c03db2c",
          "isClosed": true,
          "members": [],
          "name": "Testgroup 2",
          "password": undefined,
          "size": 0,
        },
        {
          "hasPassword": true,
          "id": "01144a38-bf03-4ef7-9c87-db6aa81ea7e0",
          "isClosed": false,
          "members": [
            {
              "displayName": "kunold",
              "email": "kunold@test.com",
              "group": undefined,
              "groupId": undefined,
              "matrNr": 888888,
              "role": "STUDENT",
              "userId": "24b4ec8c-dd8a-4bd6-843c-2c412fb1d5b7",
              "username": "kunold",
            },
            {
              "displayName": "elshar",
              "email": "elshar@test.com",
              "group": undefined,
              "groupId": undefined,
              "matrNr": 777777,
              "role": "STUDENT",
              "userId": "3e52e822-4ebc-49c3-94e2-06ba447b5d1f",
              "username": "elshar",
            },
          ],
          "name": "Testgroup 3",
          "password": undefined,
          "size": 2,
        },
      ],
    },
    {
      "assignmentId": "993b3cd0-6207-11ea-bc55-0242ac130003",
      "groups": [],
    },
    {
      "assignmentId": "c2bc4aa4-6207-11ea-bc55-0242ac130003",
      "groups": [
        {
          "hasPassword": true,
          "id": "b4f24e81-dfa4-4641-af80-8e34e02d9c4a",
          "isClosed": false,
          "members": [
            {
              "displayName": "Hans Peter",
              "email": "hans.peter@test.com",
              "group": undefined,
              "groupId": undefined,
              "matrNr": 111111,
              "role": "STUDENT",
              "userId": "40f59aad-7473-4455-a3ea-1214f19b2565",
              "username": "hpeter",
            },
            {
              "displayName": "Max Mustermann",
              "email": "max.mustermann@test.com",
              "group": undefined,
              "groupId": undefined,
              "matrNr": 123456,
              "role": "STUDENT",
              "userId": "a019ea22-5194-4b83-8d31-0de0dc9bca53",
              "username": "mmustermann",
            },
          ],
          "name": "Testgroup 1",
          "password": undefined,
          "size": 2,
        },
        {
          "hasPassword": true,
          "id": "73b2afad-7198-4f99-86dc-a2c46c03db2c",
          "isClosed": true,
          "members": [],
          "name": "Testgroup 2",
          "password": undefined,
          "size": 0,
        },
        {
          "hasPassword": true,
          "id": "01144a38-bf03-4ef7-9c87-db6aa81ea7e0",
          "isClosed": false,
          "members": [
            {
              "displayName": "kunold",
              "email": "kunold@test.com",
              "group": undefined,
              "groupId": undefined,
              "matrNr": 888888,
              "role": "STUDENT",
              "userId": "24b4ec8c-dd8a-4bd6-843c-2c412fb1d5b7",
              "username": "kunold",
            },
            {
              "displayName": "elshar",
              "email": "elshar@test.com",
              "group": undefined,
              "groupId": undefined,
              "matrNr": 777777,
              "role": "STUDENT",
              "userId": "3e52e822-4ebc-49c3-94e2-06ba447b5d1f",
              "username": "elshar",
            },
          ],
          "name": "Testgroup 3",
          "password": undefined,
          "size": 2,
        },
      ],
    },
    {
      "assignmentId": "75b799a1-a406-419b-a448-909aa3d34afa",
      "groups": [],
    },
    {
      "assignmentId": "74aa124c-0753-467f-8f52-48d1901282f8",
      "groups": [],
    },
  ],
  "students": [
    {
      "activity": [
        2022-05-03T22:00:00.000Z,
        2022-05-13T22:00:00.000Z,
      ],
      "admissionStatus": {
        "fulfillsAdmissionCriteria": false,
        "hasAdmission": false,
        "hasAdmissionFromPreviousSemester": false,
        "participant": undefined,
        "results": [
          {
            "_assignmentType": "HOMEWORK",
            "_rule": "REQUIRED_PERCENT_OVERALL",
            "achievedPercent": 0,
            "achievedPoints": 0,
            "passed": false,
          },
          {
            "_assignmentType": "TESTAT",
            "_rule": "REQUIRED_PERCENT_OVERALL",
            "achievedPercent": 0,
            "achievedPoints": 0,
            "passed": false,
          },
          {
            "_assignmentType": "HOMEWORK",
            "_rule": "INDIVIDUAL_PERCENT_WITH_ALLOWED_FAILURES",
            "achievedPercent": 50,
            "achievedPoints": 1,
            "passed": true,
          },
        ],
      },
      "grades": [],
      "submissions": [],
      "userInfo": {
        "displayName": "elshar",
        "matrNr": 777777,
        "userId": "3e52e822-4ebc-49c3-94e2-06ba447b5d1f",
        "username": "elshar",
      },
    },
    {
      "activity": [],
      "admissionStatus": {
        "fulfillsAdmissionCriteria": false,
        "hasAdmission": false,
        "hasAdmissionFromPreviousSemester": false,
        "participant": undefined,
        "results": [
          {
            "_assignmentType": "HOMEWORK",
            "_rule": "REQUIRED_PERCENT_OVERALL",
            "achievedPercent": 75,
            "achievedPoints": 75,
            "passed": true,
          },
          {
            "_assignmentType": "TESTAT",
            "_rule": "REQUIRED_PERCENT_OVERALL",
            "achievedPercent": 0,
            "achievedPoints": 0,
            "passed": false,
          },
          {
            "_assignmentType": "HOMEWORK",
            "_rule": "INDIVIDUAL_PERCENT_WITH_ALLOWED_FAILURES",
            "achievedPercent": 0,
            "achievedPoints": 0,
            "passed": true,
          },
        ],
      },
      "grades": [
        {
          "achievedPointsInPercent": 75,
          "assessmentId": "8f60f844-4129-48a4-a625-7a74c7defd0d",
          "assignmentId": "c2bc4aa4-6207-11ea-bc55-0242ac130003",
          "assignmentType": "HOMEWORK",
          "group": {
            "hasPassword": true,
            "id": "b4f24e81-dfa4-4641-af80-8e34e02d9c4a",
            "isClosed": false,
            "members": [
              {
                "displayName": "Max Mustermann",
                "email": "max.mustermann@test.com",
                "matrNr": 123456,
                "role": "STUDENT",
                "userId": "a019ea22-5194-4b83-8d31-0de0dc9bca53",
                "username": "mmustermann",
              },
              {
                "displayName": "Hans Peter",
                "email": "hans.peter@test.com",
                "matrNr": 111111,
                "role": "STUDENT",
                "userId": "40f59aad-7473-4455-a3ea-1214f19b2565",
                "username": "hpeter",
              },
            ],
            "name": "Testgroup 1",
            "password": undefined,
            "size": 2,
          },
        },
        {
          "achievedPointsInPercent": 75,
          "assessmentId": "0d365334-6cb3-4ac5-b0fe-0b1a5aa1fbf4",
          "assignmentId": "f50b8474-1fb9-4d69-85a2-76648d0fd3f9",
          "assignmentType": "HOMEWORK",
          "group": {
            "hasPassword": true,
            "id": "b4f24e81-dfa4-4641-af80-8e34e02d9c4a",
            "isClosed": false,
            "members": [
              {
                "displayName": "Max Mustermann",
                "email": "max.mustermann@test.com",
                "matrNr": 123456,
                "role": "STUDENT",
                "userId": "a019ea22-5194-4b83-8d31-0de0dc9bca53",
                "username": "mmustermann",
              },
              {
                "displayName": "Hans Peter",
                "email": "hans.peter@test.com",
                "matrNr": 111111,
                "role": "STUDENT",
                "userId": "40f59aad-7473-4455-a3ea-1214f19b2565",
                "username": "hpeter",
              },
            ],
            "name": "Testgroup 1",
            "password": undefined,
            "size": 2,
          },
        },
      ],
      "submissions": [],
      "userInfo": {
        "displayName": "Hans Peter",
        "matrNr": 111111,
        "userId": "40f59aad-7473-4455-a3ea-1214f19b2565",
        "username": "hpeter",
      },
    },
    {
      "activity": [],
      "admissionStatus": {
        "fulfillsAdmissionCriteria": false,
        "hasAdmission": false,
        "hasAdmissionFromPreviousSemester": false,
        "participant": undefined,
        "results": [
          {
            "_assignmentType": "HOMEWORK",
            "_rule": "REQUIRED_PERCENT_OVERALL",
            "achievedPercent": 0,
            "achievedPoints": 0,
            "passed": false,
          },
          {
            "_assignmentType": "TESTAT",
            "_rule": "REQUIRED_PERCENT_OVERALL",
            "achievedPercent": 0,
            "achievedPoints": 0,
            "passed": false,
          },
          {
            "_assignmentType": "HOMEWORK",
            "_rule": "INDIVIDUAL_PERCENT_WITH_ALLOWED_FAILURES",
            "achievedPercent": 50,
            "achievedPoints": 1,
            "passed": true,
          },
        ],
      },
      "grades": [],
      "submissions": [],
      "userInfo": {
        "displayName": "kunold",
        "matrNr": 888888,
        "userId": "24b4ec8c-dd8a-4bd6-843c-2c412fb1d5b7",
        "username": "kunold",
      },
    },
    {
      "activity": [],
      "admissionStatus": {
        "fulfillsAdmissionCriteria": false,
        "hasAdmission": false,
        "hasAdmissionFromPreviousSemester": false,
        "participant": undefined,
        "results": [
          {
            "_assignmentType": "HOMEWORK",
            "_rule": "REQUIRED_PERCENT_OVERALL",
            "achievedPercent": 75,
            "achievedPoints": 75,
            "passed": true,
          },
          {
            "_assignmentType": "TESTAT",
            "_rule": "REQUIRED_PERCENT_OVERALL",
            "achievedPercent": 25,
            "achievedPoints": 25,
            "passed": false,
          },
          {
            "_assignmentType": "HOMEWORK",
            "_rule": "INDIVIDUAL_PERCENT_WITH_ALLOWED_FAILURES",
            "achievedPercent": 0,
            "achievedPoints": 0,
            "passed": true,
          },
        ],
      },
      "grades": [
        {
          "achievedPointsInPercent": 50,
          "assessmentId": "680dd44a-93b0-4d1c-a947-9b50a4bbb68e",
          "assignmentId": "993b3cd0-6207-11ea-bc55-0242ac130003",
          "assignmentType": "HOMEWORK",
        },
        {
          "achievedPointsInPercent": 75,
          "assessmentId": "8f60f844-4129-48a4-a625-7a74c7defd0d",
          "assignmentId": "c2bc4aa4-6207-11ea-bc55-0242ac130003",
          "assignmentType": "HOMEWORK",
          "group": {
            "hasPassword": true,
            "id": "b4f24e81-dfa4-4641-af80-8e34e02d9c4a",
            "isClosed": false,
            "members": [
              {
                "displayName": "Max Mustermann",
                "email": "max.mustermann@test.com",
                "matrNr": 123456,
                "role": "STUDENT",
                "userId": "a019ea22-5194-4b83-8d31-0de0dc9bca53",
                "username": "mmustermann",
              },
              {
                "displayName": "Hans Peter",
                "email": "hans.peter@test.com",
                "matrNr": 111111,
                "role": "STUDENT",
                "userId": "40f59aad-7473-4455-a3ea-1214f19b2565",
                "username": "hpeter",
              },
            ],
            "name": "Testgroup 1",
            "password": undefined,
            "size": 2,
          },
        },
        {
          "achievedPointsInPercent": 25,
          "assessmentId": "932c7bd8-2338-4e60-955a-39da5f858212",
          "assignmentId": "75b799a1-a406-419b-a448-909aa3d34afa",
          "assignmentType": "TESTAT",
        },
        {
          "achievedPointsInPercent": 75,
          "assessmentId": "0d365334-6cb3-4ac5-b0fe-0b1a5aa1fbf4",
          "assignmentId": "f50b8474-1fb9-4d69-85a2-76648d0fd3f9",
          "assignmentType": "HOMEWORK",
          "group": {
            "hasPassword": true,
            "id": "b4f24e81-dfa4-4641-af80-8e34e02d9c4a",
            "isClosed": false,
            "members": [
              {
                "displayName": "Max Mustermann",
                "email": "max.mustermann@test.com",
                "matrNr": 123456,
                "role": "STUDENT",
                "userId": "a019ea22-5194-4b83-8d31-0de0dc9bca53",
                "username": "mmustermann",
              },
              {
                "displayName": "Hans Peter",
                "email": "hans.peter@test.com",
                "matrNr": 111111,
                "role": "STUDENT",
                "userId": "40f59aad-7473-4455-a3ea-1214f19b2565",
                "username": "hpeter",
              },
            ],
            "name": "Testgroup 1",
            "password": undefined,
            "size": 2,
          },
        },
      ],
      "submissions": [
        {
          "assignmentId": "b2f6c008-b9f7-477f-9e8b-ff34ce339077",
          "date": 2022-02-01T23:00:00.000Z,
        },
        {
          "assignmentId": "b2f6c008-b9f7-477f-9e8b-ff34ce339077",
          "date": 2022-01-31T23:00:00.000Z,
        },
      ],
      "userInfo": {
        "displayName": "Max Mustermann",
        "matrNr": 123456,
        "userId": "a019ea22-5194-4b83-8d31-0de0dc9bca53",
        "username": "mmustermann",
      },
    },
  ],
}
`;
